07-27 11:14:55.438   764   966 W CpuPowerCalculator: UID 50147 CPU cluster # mismatch: Power Profile # 2 actual # 4
07-27 11:14:55.444   764   966 W CpuPowerCalculator: UID 50147 CPU freq # mismatch: Power Profile # 2 actual # 8
07-27 11:14:55.444   764   966 W CpuPowerCalculator: UID 50145 CPU cluster # mismatch: Power Profile # 2 actual # 4
07-27 11:14:55.444   764   966 W CpuPowerCalculator: UID 50145 CPU freq # mismatch: Power Profile # 2 actual # 8
07-27 11:14:55.444   764   966 W CpuPowerCalculator: UID 50144 CPU cluster # mismatch: Power Profile # 2 actual # 4
07-27 11:14:55.444   764   966 W CpuPowerCalculator: UID 50144 CPU freq # mismatch: Power Profile # 2 actual # 8
07-27 11:14:55.445   764   966 W CpuPowerCalculator: UID 50143 CPU cluster # mismatch: Power Profile # 2 actual # 4
07-27 11:14:55.445   764   966 W CpuPowerCalculator: UID 50143 CPU freq # mismatch: Power Profile # 2 actual # 8
07-27 11:14:55.445   764   966 W CpuPowerCalculator: UID 50128 CPU cluster # mismatch: Power Profile # 2 actual # 4
07-27 11:14:55.445   764   966 W CpuPowerCalculator: UID 50128 CPU freq # mismatch: Power Profile # 2 actual # 8
07-27 11:14:55.445   764   966 W CpuPowerCalculator: UID 50124 CPU cluster # mismatch: Power Profile # 2 actual # 4
07-27 11:14:55.445   764   966 W CpuPowerCalculator: UID 50124 CPU freq # mismatch: Power Profile # 2 actual # 8
07-27 11:14:55.445   764   966 W CpuPowerCalculator: UID 50115 CPU cluster # mismatch: Power Profile # 2 actual # 4
07-27 11:14:55.445   764   966 W CpuPowerCalculator: UID 50115 CPU freq # mismatch: Power Profile # 2 actual # 8
07-27 11:14:55.445   764   966 W CpuPowerCalculator: UID 50111 CPU cluster # mismatch: Power Profile # 2 actual # 4
07-27 11:14:55.445   764   966 W CpuPowerCalculator: UID 50111 CPU freq # mismatch: Power Profile # 2 actual # 8
07-27 11:14:55.445   764   966 W CpuPowerCalculator: UID 50109 CPU cluster # mismatch: Power Profile # 2 actual # 4
07-27 11:14:55.446   764   966 W CpuPowerCalculator: UID 50109 CPU freq # mismatch: Power Profile # 2 actual # 8
07-27 11:14:55.446   764   966 W CpuPowerCalculator: UID 50098 CPU cluster # mismatch: Power Profile # 2 actual # 4
07-27 11:14:55.446   764   966 W CpuPowerCalculator: UID 50098 CPU freq # mismatch: Power Profile # 2 actual # 8
07-27 11:14:55.446   764   966 W CpuPowerCalculator: UID 50097 CPU cluster # mismatch: Power Profile # 2 actual # 4
07-27 11:14:55.446   764   966 W CpuPowerCalculator: UID 50097 CPU freq # mismatch: Power Profile # 2 actual # 8
07-27 11:14:55.446   764   966 W CpuPowerCalculator: UID 50094 CPU cluster # mismatch: Power Profile # 2 actual # 4
07-27 11:14:55.446   764   966 W CpuPowerCalculator: UID 50094 CPU freq # mismatch: Power Profile # 2 actual # 8
07-27 11:14:55.446   764   966 W CpuPowerCalculator: UID 10162 CPU cluster # mismatch: Power Profile # 2 actual # 4
07-27 11:14:55.446   764   966 W CpuPowerCalculator: UID 10162 CPU freq # mismatch: Power Profile # 2 actual # 8
07-27 11:14:55.446   764   966 W CpuPowerCalculator: UID 10160 CPU cluster # mismatch: Power Profile # 2 actual # 4
07-27 11:14:55.446   764   966 W CpuPowerCalculator: UID 10160 CPU freq # mismatch: Power Profile # 2 actual # 8
07-27 11:14:55.446   764   966 W CpuPowerCalculator: UID 10159 CPU cluster # mismatch: Power Profile # 2 actual # 4
07-27 11:14:55.446   764   966 W CpuPowerCalculator: UID 10159 CPU freq # mismatch: Power Profile # 2 actual # 8
07-27 11:14:55.446   764   966 W CpuPowerCalculator: UID 10150 CPU cluster # mismatch: Power Profile # 2 actual # 4
07-27 11:14:55.446   764   966 W CpuPowerCalculator: UID 10150 CPU freq # mismatch: Power Profile # 2 actual # 8
07-27 11:14:55.447   764   966 W CpuPowerCalculator: UID 10147 CPU cluster # mismatch: Power Profile # 2 actual # 4
07-27 11:14:55.447   764   966 W CpuPowerCalculator: UID 10147 CPU freq # mismatch: Power Profile # 2 actual # 8
07-27 11:14:55.447   764   966 W CpuPowerCalculator: UID 10145 CPU cluster # mismatch: Power Profile # 2 actual # 4
07-27 11:14:55.447   764   966 W CpuPowerCalculator: UID 10145 CPU freq # mismatch: Power Profile # 2 actual # 8
07-27 11:14:55.447   764   966 W CpuPowerCalculator: UID 10143 CPU cluster # mismatch: Power Profile # 2 actual # 4
07-27 11:14:55.447   764   966 W CpuPowerCalculator: UID 10143 CPU freq # mismatch: Power Profile # 2 actual # 8
07-27 11:14:55.447   764   966 W CpuPowerCalculator: UID 10142 CPU cluster # mismatch: Power Profile # 2 actual # 4
07-27 11:14:55.447   764   966 W CpuPowerCalculator: UID 10142 CPU freq # mismatch: Power Profile # 2 actual # 8
07-27 11:14:55.447   764   966 W CpuPowerCalculator: UID 10141 CPU cluster # mismatch: Power Profile # 2 actual # 4
07-27 11:14:55.447   764   966 W CpuPowerCalculator: UID 10141 CPU freq # mismatch: Power Profile # 2 actual # 8
07-27 11:14:55.447   764   966 W CpuPowerCalculator: UID 10139 CPU cluster # mismatch: Power Profile # 2 actual # 4
07-27 11:14:55.448   764   966 W CpuPowerCalculator: UID 10139 CPU freq # mismatch: Power Profile # 2 actual # 8
07-27 11:14:55.448   764   966 W CpuPowerCalculator: UID 10138 CPU cluster # mismatch: Power Profile # 2 actual # 4
07-27 11:14:55.448   764   966 W CpuPowerCalculator: UID 10138 CPU freq # mismatch: Power Profile # 2 actual # 8
07-27 11:14:55.448   764   966 W CpuPowerCalculator: UID 10137 CPU cluster # mismatch: Power Profile # 2 actual # 4
07-27 11:14:55.448   764   966 W CpuPowerCalculator: UID 10137 CPU freq # mismatch: Power Profile # 2 actual # 8
07-27 11:14:55.448   764   966 W CpuPowerCalculator: UID 10135 CPU cluster # mismatch: Power Profile # 2 actual # 4
07-27 11:14:55.448   764   966 W CpuPowerCalculator: UID 10135 CPU freq # mismatch: Power Profile # 2 actual # 8
07-27 11:14:55.448   764   966 W CpuPowerCalculator: UID 10132 CPU cluster # mismatch: Power Profile # 2 actual # 4
07-27 11:14:55.448   764   966 W CpuPowerCalculator: UID 10132 CPU freq # mismatch: Power Profile # 2 actual # 8
07-27 11:14:55.449   764   966 W CpuPowerCalculator: UID 10130 CPU cluster # mismatch: Power Profile # 2 actual # 4
07-27 11:14:55.449   764   966 W CpuPowerCalculator: UID 10130 CPU freq # mismatch: Power Profile # 2 actual # 8
07-27 11:14:55.449   764   966 W CpuPowerCalculator: UID 10129 CPU cluster # mismatch: Power Profile # 2 actual # 4
07-27 11:14:55.449   764   966 W CpuPowerCalculator: UID 10129 CPU freq # mismatch: Power Profile # 2 actual # 8
07-27 11:14:55.449   764   966 W CpuPowerCalculator: UID 10128 CPU cluster # mismatch: Power Profile # 2 actual # 4
07-27 11:14:55.449   764   966 W CpuPowerCalculator: UID 10128 CPU freq # mismatch: Power Profile # 2 actual # 8
07-27 11:14:55.449   764   966 W CpuPowerCalculator: UID 10125 CPU cluster # mismatch: Power Profile # 2 actual # 4
07-27 11:14:55.449   764   966 W CpuPowerCalculator: UID 10125 CPU freq # mismatch: Power Profile # 2 actual # 8
07-27 11:14:55.449   764   966 W CpuPowerCalculator: UID 10123 CPU cluster # mismatch: Power Profile # 2 actual # 4
07-27 11:14:55.450   764   966 W CpuPowerCalculator: UID 10123 CPU freq # mismatch: Power Profile # 2 actual # 8
07-27 11:14:55.450   764   966 W CpuPowerCalculator: UID 10122 CPU cluster # mismatch: Power Profile # 2 actual # 4
07-27 11:14:55.450   764   966 W CpuPowerCalculator: UID 10122 CPU freq # mismatch: Power Profile # 2 actual # 8
07-27 11:14:55.450   764   966 W CpuPowerCalculator: UID 10117 CPU cluster # mismatch: Power Profile # 2 actual # 4
07-27 11:14:55.450   764   966 W CpuPowerCalculator: UID 10117 CPU freq # mismatch: Power Profile # 2 actual # 8
07-27 11:14:55.450   764   966 W CpuPowerCalculator: UID 10116 CPU cluster # mismatch: Power Profile # 2 actual # 4
07-27 11:14:55.450   764   966 W CpuPowerCalculator: UID 10116 CPU freq # mismatch: Power Profile # 2 actual # 8
07-27 11:14:55.450   764   966 W CpuPowerCalculator: UID 10115 CPU cluster # mismatch: Power Profile # 2 actual # 4
07-27 11:14:55.450   764   966 W CpuPowerCalculator: UID 10115 CPU freq # mismatch: Power Profile # 2 actual # 8
07-27 11:14:55.451   764   966 W CpuPowerCalculator: UID 10114 CPU cluster # mismatch: Power Profile # 2 actual # 4
07-27 11:14:55.451   764   966 W CpuPowerCalculator: UID 10114 CPU freq # mismatch: Power Profile # 2 actual # 8
07-27 11:14:55.451   764   966 W CpuPowerCalculator: UID 10113 CPU cluster # mismatch: Power Profile # 2 actual # 4
07-27 11:14:55.451   764   966 W CpuPowerCalculator: UID 10113 CPU freq # mismatch: Power Profile # 2 actual # 8
07-27 11:14:55.451   764   966 W CpuPowerCalculator: UID 10112 CPU cluster # mismatch: Power Profile # 2 actual # 4
07-27 11:14:55.451   764   966 W CpuPowerCalculator: UID 10112 CPU freq # mismatch: Power Profile # 2 actual # 8
07-27 11:14:55.451   764   966 W CpuPowerCalculator: UID 10111 CPU cluster # mismatch: Power Profile # 2 actual # 4
07-27 11:14:55.451   764   966 W CpuPowerCalculator: UID 10111 CPU freq # mismatch: Power Profile # 2 actual # 8
07-27 11:14:55.451   764   966 W CpuPowerCalculator: UID 10110 CPU cluster # mismatch: Power Profile # 2 actual # 4
07-27 11:14:55.451   764   966 W CpuPowerCalculator: UID 10110 CPU freq # mismatch: Power Profile # 2 actual # 8
07-27 11:14:55.451   764   966 W CpuPowerCalculator: UID 10109 CPU cluster # mismatch: Power Profile # 2 actual # 4
07-27 11:14:55.452   764   966 W CpuPowerCalculator: UID 10109 CPU freq # mismatch: Power Profile # 2 actual # 8
07-27 11:14:55.452   764   966 W CpuPowerCalculator: UID 10107 CPU cluster # mismatch: Power Profile # 2 actual # 4
07-27 11:14:55.452   764   966 W CpuPowerCalculator: UID 10107 CPU freq # mismatch: Power Profile # 2 actual # 8
07-27 11:14:55.452   764   966 W CpuPowerCalculator: UID 10106 CPU cluster # mismatch: Power Profile # 2 actual # 4
07-27 11:14:55.452   764   966 W CpuPowerCalculator: UID 10106 CPU freq # mismatch: Power Profile # 2 actual # 8
07-27 11:14:55.452   764   966 W CpuPowerCalculator: UID 10105 CPU cluster # mismatch: Power Profile # 2 actual # 4
07-27 11:14:55.452   764   966 W CpuPowerCalculator: UID 10105 CPU freq # mismatch: Power Profile # 2 actual # 8
07-27 11:14:55.452   764   966 W CpuPowerCalculator: UID 10104 CPU cluster # mismatch: Power Profile # 2 actual # 4
07-27 11:14:55.452   764   966 W CpuPowerCalculator: UID 10104 CPU freq # mismatch: Power Profile # 2 actual # 8
07-27 11:14:55.453   764   966 W CpuPowerCalculator: UID 10102 CPU cluster # mismatch: Power Profile # 2 actual # 4
07-27 11:14:55.453   764   966 W CpuPowerCalculator: UID 10102 CPU freq # mismatch: Power Profile # 2 actual # 8
07-27 11:14:55.453   764   966 W CpuPowerCalculator: UID 10101 CPU cluster # mismatch: Power Profile # 2 actual # 4
07-27 11:14:55.453   764   966 W CpuPowerCalculator: UID 10101 CPU freq # mismatch: Power Profile # 2 actual # 8
07-27 11:14:55.453   764   966 W CpuPowerCalculator: UID 10100 CPU cluster # mismatch: Power Profile # 2 actual # 4
07-27 11:14:55.453   764   966 W CpuPowerCalculator: UID 10100 CPU freq # mismatch: Power Profile # 2 actual # 8
07-27 11:14:55.453   764   966 W CpuPowerCalculator: UID 10099 CPU cluster # mismatch: Power Profile # 2 actual # 4
07-27 11:14:55.453   764   966 W CpuPowerCalculator: UID 10099 CPU freq # mismatch: Power Profile # 2 actual # 8
07-27 11:14:55.453   764   966 W CpuPowerCalculator: UID 10098 CPU cluster # mismatch: Power Profile # 2 actual # 4
07-27 11:14:55.453   764   966 W CpuPowerCalculator: UID 10098 CPU freq # mismatch: Power Profile # 2 actual # 8
07-27 11:14:55.453   764   966 W CpuPowerCalculator: UID 10097 CPU cluster # mismatch: Power Profile # 2 actual # 4
07-27 11:14:55.453   764   966 W CpuPowerCalculator: UID 10097 CPU freq # mismatch: Power Profile # 2 actual # 8
07-27 11:14:55.453   764   966 W CpuPowerCalculator: UID 10096 CPU cluster # mismatch: Power Profile # 2 actual # 4
07-27 11:14:55.454   764   966 W CpuPowerCalculator: UID 10096 CPU freq # mismatch: Power Profile # 2 actual # 8
07-27 11:14:55.454   764   966 W CpuPowerCalculator: UID 10095 CPU cluster # mismatch: Power Profile # 2 actual # 4
07-27 11:14:55.454   764   966 W CpuPowerCalculator: UID 10095 CPU freq # mismatch: Power Profile # 2 actual # 8
07-27 11:14:55.454   764   966 W CpuPowerCalculator: UID 10094 CPU cluster # mismatch: Power Profile # 2 actual # 4
07-27 11:14:55.454   764   966 W CpuPowerCalculator: UID 10094 CPU freq # mismatch: Power Profile # 2 actual # 8
07-27 11:14:55.454   764   966 W CpuPowerCalculator: UID 10093 CPU cluster # mismatch: Power Profile # 2 actual # 4
07-27 11:14:55.454   764   966 W CpuPowerCalculator: UID 10093 CPU freq # mismatch: Power Profile # 2 actual # 8
07-27 11:14:55.454   764   966 W CpuPowerCalculator: UID 10092 CPU cluster # mismatch: Power Profile # 2 actual # 4
07-27 11:14:55.454   764   966 W CpuPowerCalculator: UID 10092 CPU freq # mismatch: Power Profile # 2 actual # 8
07-27 11:14:55.454   764   966 W CpuPowerCalculator: UID 10091 CPU cluster # mismatch: Power Profile # 2 actual # 4
07-27 11:14:55.454   764   966 W CpuPowerCalculator: UID 10091 CPU freq # mismatch: Power Profile # 2 actual # 8
07-27 11:14:55.454   764   966 W CpuPowerCalculator: UID 10079 CPU cluster # mismatch: Power Profile # 2 actual # 4
07-27 11:14:55.454   764   966 W CpuPowerCalculator: UID 10079 CPU freq # mismatch: Power Profile # 2 actual # 8
07-27 11:14:55.454   764   966 W CpuPowerCalculator: UID 10074 CPU cluster # mismatch: Power Profile # 2 actual # 4
07-27 11:14:55.455   764   966 W CpuPowerCalculator: UID 10074 CPU freq # mismatch: Power Profile # 2 actual # 8
07-27 11:14:55.455   764   966 W CpuPowerCalculator: UID 10071 CPU cluster # mismatch: Power Profile # 2 actual # 4
07-27 11:14:55.455   764   966 W CpuPowerCalculator: UID 10071 CPU freq # mismatch: Power Profile # 2 actual # 8
07-27 11:14:55.455   764   966 W CpuPowerCalculator: UID 10067 CPU cluster # mismatch: Power Profile # 2 actual # 4
07-27 11:14:55.455   764   966 W CpuPowerCalculator: UID 10067 CPU freq # mismatch: Power Profile # 2 actual # 8
07-27 11:14:55.455   764   966 W CpuPowerCalculator: UID 10066 CPU cluster # mismatch: Power Profile # 2 actual # 4
07-27 11:14:55.455   764   966 W CpuPowerCalculator: UID 10066 CPU freq # mismatch: Power Profile # 2 actual # 8
07-27 11:14:55.455   764   966 W CpuPowerCalculator: UID 10065 CPU cluster # mismatch: Power Profile # 2 actual # 4
07-27 11:14:55.455   764   966 W CpuPowerCalculator: UID 10065 CPU freq # mismatch: Power Profile # 2 actual # 8
07-27 11:14:55.455   764   966 W CpuPowerCalculator: UID 10061 CPU cluster # mismatch: Power Profile # 2 actual # 4
07-27 11:14:55.455   764   966 W CpuPowerCalculator: UID 10061 CPU freq # mismatch: Power Profile # 2 actual # 8
07-27 11:14:55.455   764   966 W CpuPowerCalculator: UID 10060 CPU cluster # mismatch: Power Profile # 2 actual # 4
07-27 11:14:55.455   764   966 W CpuPowerCalculator: UID 10060 CPU freq # mismatch: Power Profile # 2 actual # 8
07-27 11:14:55.455   764   966 W CpuPowerCalculator: UID 10059 CPU cluster # mismatch: Power Profile # 2 actual # 4
07-27 11:14:55.455   764   966 W CpuPowerCalculator: UID 10059 CPU freq # mismatch: Power Profile # 2 actual # 8
07-27 11:14:55.455   764   966 W CpuPowerCalculator: UID 9999 CPU cluster # mismatch: Power Profile # 2 actual # 4
07-27 11:14:55.455   764   966 W CpuPowerCalculator: UID 9999 CPU freq # mismatch: Power Profile # 2 actual # 8
07-27 11:14:55.455   764   966 W CpuPowerCalculator: UID 2000 CPU cluster # mismatch: Power Profile # 2 actual # 4
07-27 11:14:55.456   764   966 W CpuPowerCalculator: UID 2000 CPU freq # mismatch: Power Profile # 2 actual # 8
07-27 11:14:55.456   764   966 W CpuPowerCalculator: UID 1073 CPU cluster # mismatch: Power Profile # 2 actual # 4
07-27 11:14:55.456   764   966 W CpuPowerCalculator: UID 1073 CPU freq # mismatch: Power Profile # 2 actual # 8
07-27 11:14:55.456   764   966 W CpuPowerCalculator: UID 1072 CPU cluster # mismatch: Power Profile # 2 actual # 4
07-27 11:14:55.456   764   966 W CpuPowerCalculator: UID 1072 CPU freq # mismatch: Power Profile # 2 actual # 8
07-27 11:14:55.456   764   966 W CpuPowerCalculator: UID 1069 CPU cluster # mismatch: Power Profile # 2 actual # 4
07-27 11:14:55.456   764   966 W CpuPowerCalculator: UID 1069 CPU freq # mismatch: Power Profile # 2 actual # 8
07-27 11:14:55.456   764   966 W CpuPowerCalculator: UID 1068 CPU cluster # mismatch: Power Profile # 2 actual # 4
07-27 11:14:55.456   764   966 W CpuPowerCalculator: UID 1068 CPU freq # mismatch: Power Profile # 2 actual # 8
07-27 11:14:55.457   764   966 W CpuPowerCalculator: UID 1067 CPU cluster # mismatch: Power Profile # 2 actual # 4
07-27 11:14:55.456 12066 12420 D ContextualSuggestFrag: Start loading suggestions
07-27 11:14:55.457   764   966 W CpuPowerCalculator: UID 1067 CPU freq # mismatch: Power Profile # 2 actual # 8
07-27 11:14:55.457 12066 12419 D ContextualSuggestFrag: Start loading suggestions
07-27 11:14:55.457   764   966 W CpuPowerCalculator: UID 1066 CPU cluster # mismatch: Power Profile # 2 actual # 4
07-27 11:14:55.457   764   966 W CpuPowerCalculator: UID 1066 CPU freq # mismatch: Power Profile # 2 actual # 8
07-27 11:14:55.457   764   966 W CpuPowerCalculator: UID 1058 CPU cluster # mismatch: Power Profile # 2 actual # 4
07-27 11:14:55.457   764   966 W CpuPowerCalculator: UID 1058 CPU freq # mismatch: Power Profile # 2 actual # 8
07-27 11:14:55.457   764   966 W CpuPowerCalculator: UID 1053 CPU cluster # mismatch: Power Profile # 2 actual # 4
07-27 11:14:55.457   764   966 W CpuPowerCalculator: UID 1053 CPU freq # mismatch: Power Profile # 2 actual # 8
07-27 11:14:55.457   764   966 W CpuPowerCalculator: UID 1047 CPU cluster # mismatch: Power Profile # 2 actual # 4
07-27 11:14:55.458   764   966 W CpuPowerCalculator: UID 1047 CPU freq # mismatch: Power Profile # 2 actual # 8
07-27 11:14:55.458   764   966 W CpuPowerCalculator: UID 1046 CPU cluster # mismatch: Power Profile # 2 actual # 4
07-27 11:14:55.458   764   966 W CpuPowerCalculator: UID 1046 CPU freq # mismatch: Power Profile # 2 actual # 8
07-27 11:14:55.458   764   966 W CpuPowerCalculator: UID 1041 CPU cluster # mismatch: Power Profile # 2 actual # 4
07-27 11:14:55.458   764   966 W CpuPowerCalculator: UID 1041 CPU freq # mismatch: Power Profile # 2 actual # 8
07-27 11:14:55.458   764   966 W CpuPowerCalculator: UID 1040 CPU cluster # mismatch: Power Profile # 2 actual # 4
07-27 11:14:55.458   764   966 W CpuPowerCalculator: UID 1040 CPU freq # mismatch: Power Profile # 2 actual # 8
07-27 11:14:55.459   764   966 W CpuPowerCalculator: UID 1036 CPU cluster # mismatch: Power Profile # 2 actual # 4
07-27 11:14:55.459   764   966 W CpuPowerCalculator: UID 1036 CPU freq # mismatch: Power Profile # 2 actual # 8
07-27 11:14:55.459   764   966 W CpuPowerCalculator: UID 1027 CPU cluster # mismatch: Power Profile # 2 actual # 4
07-27 11:14:55.459   764   966 W CpuPowerCalculator: UID 1027 CPU freq # mismatch: Power Profile # 2 actual # 8
07-27 11:14:55.459   764   966 W CpuPowerCalculator: UID 1021 CPU cluster # mismatch: Power Profile # 2 actual # 4
07-27 11:14:55.459   764   966 W CpuPowerCalculator: UID 1021 CPU freq # mismatch: Power Profile # 2 actual # 8
07-27 11:14:55.459   764   966 W CpuPowerCalculator: UID 1020 CPU cluster # mismatch: Power Profile # 2 actual # 4
07-27 11:14:55.459   764   966 W CpuPowerCalculator: UID 1020 CPU freq # mismatch: Power Profile # 2 actual # 8
07-27 11:14:55.459   764   966 W CpuPowerCalculator: UID 1019 CPU cluster # mismatch: Power Profile # 2 actual # 4
07-27 11:14:55.459   764   966 W CpuPowerCalculator: UID 1019 CPU freq # mismatch: Power Profile # 2 actual # 8
07-27 11:14:55.459   764   966 W CpuPowerCalculator: UID 1017 CPU cluster # mismatch: Power Profile # 2 actual # 4
07-27 11:14:55.460   764   966 W CpuPowerCalculator: UID 1017 CPU freq # mismatch: Power Profile # 2 actual # 8
07-27 11:14:55.460   764   966 W CpuPowerCalculator: UID 1013 CPU cluster # mismatch: Power Profile # 2 actual # 4
07-27 11:14:55.460   764   966 W CpuPowerCalculator: UID 1013 CPU freq # mismatch: Power Profile # 2 actual # 8
07-27 11:14:55.460   764   966 W CpuPowerCalculator: UID 1010 CPU cluster # mismatch: Power Profile # 2 actual # 4
07-27 11:14:55.460   764   966 W CpuPowerCalculator: UID 1010 CPU freq # mismatch: Power Profile # 2 actual # 8
07-27 11:14:55.460   764   966 W CpuPowerCalculator: UID 1003 CPU cluster # mismatch: Power Profile # 2 actual # 4
07-27 11:14:55.460   764   966 W CpuPowerCalculator: UID 1003 CPU freq # mismatch: Power Profile # 2 actual # 8
07-27 11:14:55.460   764   966 W CpuPowerCalculator: UID 1002 CPU cluster # mismatch: Power Profile # 2 actual # 4
07-27 11:14:55.460   764   966 W CpuPowerCalculator: UID 1002 CPU freq # mismatch: Power Profile # 2 actual # 8
07-27 11:14:55.460   764   966 W CpuPowerCalculator: UID 1001 CPU cluster # mismatch: Power Profile # 2 actual # 4
07-27 11:14:55.460   764   966 W CpuPowerCalculator: UID 1001 CPU freq # mismatch: Power Profile # 2 actual # 8
07-27 11:14:55.461   764   966 W CpuPowerCalculator: UID 1000 CPU cluster # mismatch: Power Profile # 2 actual # 4
07-27 11:14:55.461   764   966 W CpuPowerCalculator: UID 1000 CPU freq # mismatch: Power Profile # 2 actual # 8
07-27 11:14:55.461   764   966 W CpuPowerCalculator: UID 0 CPU cluster # mismatch: Power Profile # 2 actual # 4
07-27 11:14:55.461   764   966 W CpuPowerCalculator: UID 0 CPU freq # mismatch: Power Profile # 2 actual # 8
07-27 11:14:55.465 12066 12418 D BatteryTipLoader: BatteryInfoLoader post query: 1ms
07-27 11:14:55.466 12066 12418 D BatteryInfo: time for getBatteryInfo: 1ms
07-27 11:14:55.466 12066 12418 D BatteryTipLoader: BatteryInfoLoader.loadInBackground: 2ms
07-27 11:14:55.470 12066 12066 D BatteryInfo: time for callback: 0ms
07-27 11:14:55.476 13976 18251 I SetupWizard: [DeferredSuggestionSummaryProvider] call: getCallingPid=12287 method=getSuggestionState
07-27 11:14:55.478 13976 18251 I SetupWizard: [DeferredSetupWizardActivity] Deferred checks isLaunchable.
07-27 11:14:55.481   764  6710 D EGL_emulation: eglCreateContext: 0x7acd72f52450: maj 3 min 0 rcv 3
07-27 11:14:55.483 13976 18251 I SetupWizard: [DeferredSetupWizardActivity] settingSuggestionEnabled = true
07-27 11:14:55.492 12066 12066 D ActivityEmbeddingUtils: isFlagEnabled = true
07-27 11:14:55.492 12066 12066 D ActivityEmbeddingUtils: isSplitSupported = true
07-27 11:14:55.492 12066 12066 D ActivityEmbeddingUtils: isFlagEnabled = true
07-27 11:14:55.492 12066 12066 D ActivityEmbeddingUtils: isSplitSupported = true
07-27 11:14:55.493 12066 12066 D ActivityEmbeddingUtils: isFlagEnabled = true
07-27 11:14:55.493 12066 12066 D ActivityEmbeddingUtils: isSplitSupported = true
07-27 11:14:55.493 12066 12066 D ActivityEmbeddingUtils: isFlagEnabled = true
07-27 11:14:55.493 12066 12066 D ActivityEmbeddingUtils: isSplitSupported = true
07-27 11:14:55.493 12066 12066 D ActivityEmbeddingUtils: isFlagEnabled = true
07-27 11:14:55.493 12066 12066 D ActivityEmbeddingUtils: isSplitSupported = true
07-27 11:14:55.493 12066 12066 D ActivityEmbeddingUtils: isFlagEnabled = true
07-27 11:14:55.494 12066 12066 D ActivityEmbeddingUtils: isSplitSupported = true
07-27 11:14:55.494 13976 18251 I SetupWizard: [DeferredSuggestionSummaryProvider] call: getCallingPid=12287 method=getsummary
07-27 11:14:55.501 12066 12419 D ContextualSuggestFrag: Loaded suggests: 1
07-27 11:14:55.511 13976 18251 I SetupWizard: [DeferredSuggestionSummaryProvider] call: getCallingPid=12287 method=getSuggestionState
07-27 11:14:55.511 13976 18251 I SetupWizard: [DeferredSetupWizardActivity] Deferred checks isLaunchable.
07-27 11:14:55.512 13976 18251 I SetupWizard: [DeferredSetupWizardActivity] settingSuggestionEnabled = true
07-27 11:14:55.514 13976 18251 I SetupWizard: [DeferredSuggestionSummaryProvider] call: getCallingPid=12287 method=getsummary
07-27 11:14:55.548 12066 12066 D ActivityEmbeddingUtils: isFlagEnabled = true
07-27 11:14:55.548 12066 12066 D ActivityEmbeddingUtils: isSplitSupported = true
07-27 11:14:55.548 12066 12066 D ActivityEmbeddingUtils: isFlagEnabled = true
07-27 11:14:55.548 12066 12066 D ActivityEmbeddingUtils: isSplitSupported = true
07-27 11:14:55.550 12066 12066 D ActivityEmbeddingUtils: isFlagEnabled = true
07-27 11:14:55.553 12066 12066 D ActivityEmbeddingUtils: isSplitSupported = true
07-27 11:14:55.555 12066 12066 D ActivityEmbeddingUtils: isFlagEnabled = true
07-27 11:14:55.556 12066 12066 D ActivityEmbeddingUtils: isSplitSupported = true
07-27 11:14:55.558 12066 12066 D ActivityEmbeddingUtils: isFlagEnabled = true
07-27 11:14:55.558 12066 12066 D ActivityEmbeddingUtils: isSplitSupported = true
07-27 11:14:55.559 12066 12066 D ActivityEmbeddingUtils: isFlagEnabled = true
07-27 11:14:55.560 12066 12066 D ActivityEmbeddingUtils: isSplitSupported = true
07-27 11:14:55.562 12066 12066 D TopLevelSettings: Start waiting observers
07-27 11:14:55.564 12066 12420 D ContextualSuggestFrag: Loaded suggests: 1
07-27 11:14:55.577 12066 12066 D TopLevelSettings: Stop waiting observers
07-27 11:14:55.586  6819  6819 I GoogleInputMethodService: GoogleInputMethodService.onFinishInput():3220
07-27 11:14:55.588  6819  6819 I GoogleInputMethodService: GoogleInputMethodService.updateDeviceLockedStatus():2114 repeatCheckTimes = 0, unlocked = true
07-27 11:14:55.588  6819  6819 I GoogleInputMethodService: GoogleInputMethodService.onStartInput():1919 onStartInput(EditorInfo{inputType=0x0(NULL) imeOptions=0x0 privateImeOptions=null actionName=UNSPECIFIED actionLabel=null actionId=0 initialSelStart=-1 initialSelEnd=-1 initialCapsMode=0x0 hintText=null label=null packageName=com.android.settings fieldId=-1 fieldName=null extras=null}, false)
07-27 11:14:55.591  6819  6819 I GoogleInputMethodService: GoogleInputMethodService.updateDeviceLockedStatus():2114 repeatCheckTimes = 2, unlocked = true
07-27 11:14:55.622 12066 12066 D ContextualSuggestFrag: Total loading time: 169 ms
07-27 11:14:55.624 12066 12066 D ContextualSuggestFrag: Total loading time: 171 ms
07-27 11:14:55.627   764  6710 D EGL_emulation: eglMakeCurrent: 0x7acd72f52450: ver 3 0 (tinfo 0x7acf8babb100) (first time)
07-27 11:14:55.628   764  2511 D HostConnection: createUnique: call
07-27 11:14:55.628   764  2511 D HostConnection: HostConnection::get() New Host Connection established 0x7acd72f65950, tid 2511
07-27 11:14:55.642   764  2511 D HostConnection: HostComposition ext ANDROID_EMU_CHECKSUM_HELPER_v1 ANDROID_EMU_native_sync_v2 ANDROID_EMU_native_sync_v3 ANDROID_EMU_native_sync_v4 ANDROID_EMU_dma_v1 ANDROID_EMU_direct_mem ANDROID_EMU_host_composition_v1 ANDROID_EMU_host_composition_v2 ANDROID_EMU_vulkan ANDROID_EMU_deferred_vulkan_commands ANDROID_EMU_vulkan_null_optional_strings ANDROID_EMU_vulkan_create_resources_with_requirements ANDROID_EMU_YUV_Cache ANDROID_EMU_vulkan_ignored_handles ANDROID_EMU_has_shared_slots_host_memory_allocator ANDROID_EMU_vulkan_free_memory_sync ANDROID_EMU_vulkan_shader_float16_int8 ANDROID_EMU_vulkan_async_queue_submit ANDROID_EMU_vulkan_queue_submit_with_commands ANDROID_EMU_sync_buffer_data ANDROID_EMU_vulkan_async_qsri ANDROID_EMU_read_color_buffer_dma GL_OES_EGL_image_external_essl3 GL_OES_vertex_array_object GL_KHR_texture_compression_astc_ldr ANDROID_EMU_host_side_tracing ANDROID_EMU_gles_max_version_3_0
07-27 11:14:55.752  7231  7239 I ssioncontroller: Background concurrent copying GC freed 102377(5050KB) AllocSpace objects, 0(0B) LOS objects, 49% free, 3278KB/6557KB, paused 464us,81us total 143.467ms
07-27 11:14:55.980  1154  1411 I Choreographer: Skipped 32 frames!  The application may be doing too much work on its main thread.
07-27 11:14:55.989   393   540 D goldfish-address-space: claimShared: Ask to claim region [0x3f2679000 0x3f28f2000]
07-27 11:14:56.081  1154  1154 I Choreographer: Skipped 33 frames!  The application may be doing too much work on its main thread.
07-27 11:14:56.166  1154  1425 D EGL_emulation: app_time_stats: avg=1128.82ms min=40.06ms max=7431.24ms count=7
07-27 11:14:56.174   764  3672 W InputManager-JNI: Input channel object 'b7d4d16 Splash Screen com.android.settings (client)' was disposed without first being removed with the input manager!
07-27 11:14:56.184  1462  2692 D OneSearchSuggestProvider: Shut down the binder channel
07-27 11:14:56.184  1462  7977 I s.nexuslauncher: oneway function results for code 2 on binder at 0x7acd02f90750 will be dropped but finished with status UNKNOWN_TRANSACTION
07-27 11:14:56.222 11922 11922 I Finsky  : [2] rrt.onStartJob(4): SCH: job service start with id 9420.
07-27 11:14:56.246 11922 18609 I Finsky  : [407] rqi.a(92): SCH: Satisfied jobs for 9420 are: 12-1
07-27 11:14:56.251 11922 18756 I Finsky  : [414] rhu.accept(27): SCH: Job 12-1 starting
07-27 11:14:56.255 11922 11922 I Finsky  : [2] ContentSyncJob.v(3): [ContentSync] job started
07-27 11:14:56.331 11922 18759 I Finsky  : [417] fop.i(1): Completed 0 account content syncs with 0 successful.
07-27 11:14:56.335 11922 11922 I Finsky  : [2] ContentSyncJob.a(1): [ContentSync] Installation state replication succeeded.
07-27 11:14:56.336 11922 11922 I Finsky  : [2] rqb.r(4): SCH: jobFinished: 12-1. TimeElapsed: 82ms.
07-27 11:14:56.370 11922 11949 I Finsky  : [53] rpx.a(2): SCH: no pending jobs to schedule.
07-27 11:14:56.370 11922 18756 I Finsky  : [414] rrt.a(16): SCH: job service finished with id 9420.
07-27 11:14:56.611 12066 12904 D EGL_emulation: app_time_stats: avg=171.79ms min=8.91ms max=388.21ms count=6
07-27 11:14:56.932 18697 18716 I QueryController: Matched selector: UiSelector[INSTANCE=0, RESOURCE_ID=android:id/title] <<==>> [android.view.accessibility.AccessibilityNodeInfo@14bd7; boundsInParent: Rect(0, 0 - 436, 71); boundsInScreen: Rect(189, 759 - 625, 830); packageName: com.android.settings; className: android.widget.TextView; text: Network & internet; error: null; maxTextLength: -1; stateDescription: null; contentDescription: null; tooltipText: null; viewIdResName: android:id/title; uniqueId: null; checkable: false; checked: false; focusable: false; focused: false; selected: false; clickable: false; longClickable: false; contextClickable: false; enabled: true; password: false; scrollable: false; importantForAccessibility: true; visible: true; actions: [AccessibilityAction: ACTION_SELECT - null, AccessibilityAction: ACTION_CLEAR_SELECTION - null, AccessibilityAction: ACTION_ACCESSIBILITY_FOCUS - null, AccessibilityAction: ACTION_NEXT_AT_MOVEMENT_GRANULARITY - null, AccessibilityAction: ACTION_PREVIOUS_AT_MOVEMENT_GRANULARITY - null, AccessibilityAction: ACTION_SET_SELECTION - null, AccessibilityAction: ACTION_SHOW_ON_SCREEN - null]; isTextSelectable: false]
07-27 11:14:56.935 18697 18716 D InteractionController: clickAndSync(407, 794)
07-27 11:14:57.120 12066 12066 D ActivityEmbeddingUtils: isFlagEnabled = true
07-27 11:14:57.120 12066 12066 D ActivityEmbeddingUtils: isSplitSupported = true
07-27 11:14:57.120 12066 12066 D ActivityEmbeddingUtils: isFlagEnabled = true
07-27 11:14:57.120 12066 12066 D ActivityEmbeddingUtils: isSplitSupported = true
07-27 11:14:57.120 12066 12066 D ActivityEmbeddingUtils: isFlagEnabled = true
07-27 11:14:57.120 12066 12066 D ActivityEmbeddingUtils: isSplitSupported = true
07-27 11:14:57.120 12066 12066 D ActivityEmbeddingUtils: isFlagEnabled = true
07-27 11:14:57.120 12066 12066 D ActivityEmbeddingUtils: isSplitSupported = true
07-27 11:14:57.120 12066 12066 D ActivityEmbeddingUtils: isFlagEnabled = true
07-27 11:14:57.120 12066 12066 D ActivityEmbeddingUtils: isSplitSupported = true
07-27 11:14:57.120 12066 12066 D ActivityEmbeddingUtils: isFlagEnabled = true
07-27 11:14:57.120 12066 12066 D ActivityEmbeddingUtils: isSplitSupported = true
07-27 11:14:57.120 12066 12066 D ActivityEmbeddingUtils: isFlagEnabled = true
07-27 11:14:57.120 12066 12066 D ActivityEmbeddingUtils: isSplitSupported = true
07-27 11:14:57.120 12066 12066 D ActivityEmbeddingUtils: isFlagEnabled = true
07-27 11:14:57.120 12066 12066 D ActivityEmbeddingUtils: isSplitSupported = true
07-27 11:14:57.120 12066 12066 D ActivityEmbeddingUtils: isFlagEnabled = true
07-27 11:14:57.120 12066 12066 D ActivityEmbeddingUtils: isSplitSupported = true
07-27 11:14:57.120 12066 12066 D ActivityEmbeddingUtils: isFlagEnabled = true
07-27 11:14:57.120 12066 12066 D ActivityEmbeddingUtils: isSplitSupported = true
07-27 11:14:57.121 12066 12066 D ActivityEmbeddingUtils: isFlagEnabled = true
07-27 11:14:57.121 12066 12066 D ActivityEmbeddingUtils: isSplitSupported = true
07-27 11:14:57.121 12066 12066 D ActivityEmbeddingUtils: isFlagEnabled = true
07-27 11:14:57.121 12066 12066 D ActivityEmbeddingUtils: isSplitSupported = true
07-27 11:14:57.121 12066 12066 D ActivityEmbeddingUtils: isFlagEnabled = true
07-27 11:14:57.121 12066 12066 D ActivityEmbeddingUtils: isSplitSupported = true
07-27 11:14:57.142  3915  5326 D AudioFlinger: mixer(0x7285fd7169a0) throttle end: throttle time(39)
07-27 11:14:57.175  1154  1425 D EGL_emulation: app_time_stats: avg=41.97ms min=21.23ms max=86.61ms count=17
07-27 11:14:57.227 12066 12066 D ActivityEmbeddingUtils: isFlagEnabled = true
07-27 11:14:57.228 12066 12066 D ActivityEmbeddingUtils: isSplitSupported = true
07-27 11:14:57.240 12066 12066 D SettingsActivity: Starting onCreate
07-27 11:14:57.249 12066 12066 D SettingsActivity: Starting to set activity title
07-27 11:14:57.251 12066 12066 D SettingsActivity: Done setting title
07-27 11:14:57.251 12066 12066 D SettingsActivity: Switching to fragment com.android.settings.network.NetworkDashboardFragment
07-27 11:14:57.252 12066 12066 D SubSettings: Launching fragment com.android.settings.network.NetworkDashboardFragment
07-27 11:14:57.262 12066 12066 I InternetUpdater: Detect an internet available network with transport type: 1
07-27 11:14:57.267 12066 12066 I TetheringManager: registerTetheringEventCallback:com.android.settings
07-27 11:14:57.272 12066 12066 D PrefCtrlListHelper: Could not find Context-only controller for pref: com.android.settings.network.AirplaneModePreferenceController
07-27 11:14:57.273 12066 12066 D PrefCtrlListHelper: Could not find Context-only controller for pref: com.android.settings.network.AllInOneTetherPreferenceController
07-27 11:14:57.275 12066 12066 D PrefCtrlListHelper: Could not find Context-only controller for pref: com.android.settings.network.AdaptiveConnectivityPreferenceController
07-27 11:14:57.275 12066 12066 D MobilePlanPrefContr: onCreate: mMobilePlanDialogMessage=null
07-27 11:14:57.277 12066 12066 D BluetoothPan: Binding service...
07-27 11:14:57.283 12066 12066 D BluetoothPan: Binding service...
07-27 11:14:57.315 12066 12066 D NetworkDashboardFrag: NO dashboard tiles for NetworkDashboardFrag
07-27 11:14:57.317 12066 12066 D NetworkDashboardFrag: All preferences added, reporting fully drawn
07-27 11:14:57.320 12066 12066 E SystemServiceRegistry: No service published for: ethernet
07-27 11:14:57.320 12066 12066 E SystemServiceRegistry: android.os.ServiceManager$ServiceNotFoundException: No service published for: ethernet
07-27 11:14:57.320 12066 12066 E SystemServiceRegistry: 	at android.os.ServiceManager.getServiceOrThrow(ServiceManager.java:166)
07-27 11:14:57.320 12066 12066 E SystemServiceRegistry: 	at android.app.SystemServiceRegistry$137.createService(SystemServiceRegistry.java:1825)
07-27 11:14:57.320 12066 12066 E SystemServiceRegistry: 	at android.app.SystemServiceRegistry$CachedServiceFetcher.getService(SystemServiceRegistry.java:1924)
07-27 11:14:57.320 12066 12066 E SystemServiceRegistry: 	at android.app.SystemServiceRegistry.getSystemService(SystemServiceRegistry.java:1601)
07-27 11:14:57.320 12066 12066 E SystemServiceRegistry: 	at android.app.ContextImpl.getSystemService(ContextImpl.java:2120)
07-27 11:14:57.320 12066 12066 E SystemServiceRegistry: 	at android.view.ContextThemeWrapper.getSystemService(ContextThemeWrapper.java:188)
07-27 11:14:57.320 12066 12066 E SystemServiceRegistry: 	at android.app.Activity.getSystemService(Activity.java:7077)
07-27 11:14:57.320 12066 12066 E SystemServiceRegistry: 	at android.content.Context.getSystemService(Context.java:4158)
07-27 11:14:57.320 12066 12066 E SystemServiceRegistry: 	at com.android.settings.network.TetherEnabler.<init>(TetherEnabler.java:157)
07-27 11:14:57.320 12066 12066 E SystemServiceRegistry: 	at com.android.settings.network.AllInOneTetherPreferenceController.initEnabler(AllInOneTetherPreferenceController.java:193)
07-27 11:14:57.320 12066 12066 E SystemServiceRegistry: 	at com.android.settings.network.NetworkDashboardFragment.onCreatePreferences(NetworkDashboardFragment.java:79)
07-27 11:14:57.320 12066 12066 E SystemServiceRegistry: 	at androidx.preference.PreferenceFragmentCompat.onCreate(PreferenceFragmentCompat.java:161)
07-27 11:14:57.320 12066 12066 E SystemServiceRegistry: 	at com.android.settingslib.core.lifecycle.ObservablePreferenceFragment.onCreate(ObservablePreferenceFragment.java:61)
07-27 11:14:57.320 12066 12066 E SystemServiceRegistry: 	at com.android.settings.SettingsPreferenceFragment.onCreate(SettingsPreferenceFragment.java:138)
07-27 11:14:57.320 12066 12066 E SystemServiceRegistry: 	at com.android.settings.dashboard.DashboardFragment.onCreate(DashboardFragment.java:157)
07-27 11:14:57.320 12066 12066 E SystemServiceRegistry: 	at androidx.fragment.app.Fragment.performCreate(Fragment.java:3009)
07-27 11:14:57.320 12066 12066 E SystemServiceRegistry: 	at androidx.fragment.app.FragmentStateManager.create(FragmentStateManager.java:474)
07-27 11:14:57.320 12066 12066 E SystemServiceRegistry: 	at androidx.fragment.app.FragmentStateManager.moveToExpectedState(FragmentStateManager.java:257)
07-27 11:14:57.320 12066 12066 E SystemServiceRegistry: 	at androidx.fragment.app.FragmentManager.executeOpsTogether(FragmentManager.java:1862)
07-27 11:14:57.320 12066 12066 E SystemServiceRegistry: 	at androidx.fragment.app.FragmentManager.removeRedundantOperationsAndExecute(FragmentManager.java:1780)
07-27 11:14:57.320 12066 12066 E SystemServiceRegistry: 	at androidx.fragment.app.FragmentManager.execPendingActions(FragmentManager.java:1723)
07-27 11:14:57.320 12066 12066 E SystemServiceRegistry: 	at androidx.fragment.app.FragmentManager.executePendingTransactions(FragmentManager.java:586)
07-27 11:14:57.320 12066 12066 E SystemServiceRegistry: 	at com.android.settings.SettingsActivity.switchToFragment(SettingsActivity.java:772)
07-27 11:14:57.320 12066 12066 E SystemServiceRegistry: 	at com.android.settings.SettingsActivity.launchSettingFragment(SettingsActivity.java:554)
07-27 11:14:57.320 12066 12066 E SystemServiceRegistry: 	at com.android.settings.SettingsActivity.createUiFromIntent(SettingsActivity.java:310)
07-27 11:14:57.320 12066 12066 E SystemServiceRegistry: 	at com.android.settings.SettingsActivity.onCreate(SettingsActivity.java:269)
07-27 11:14:57.320 12066 12066 E SystemServiceRegistry: 	at android.app.Activity.performCreate(Activity.java:8305)
07-27 11:14:57.320 12066 12066 E SystemServiceRegistry: 	at android.app.Activity.performCreate(Activity.java:8284)
07-27 11:14:57.320 12066 12066 E SystemServiceRegistry: 	at android.app.Instrumentation.callActivityOnCreate(Instrumentation.java:1417)
07-27 11:14:57.320 12066 12066 E SystemServiceRegistry: 	at android.app.ActivityThread.performLaunchActivity(ActivityThread.java:3626)
07-27 11:14:57.320 12066 12066 E SystemServiceRegistry: 	at android.app.ActivityThread.handleLaunchActivity(ActivityThread.java:3782)
07-27 11:14:57.320 12066 12066 E SystemServiceRegistry: 	at android.app.servertransaction.LaunchActivityItem.execute(LaunchActivityItem.java:101)
07-27 11:14:57.320 12066 12066 E SystemServiceRegistry: 	at android.app.servertransaction.TransactionExecutor.executeCallbacks(TransactionExecutor.java:135)
07-27 11:14:57.320 12066 12066 E SystemServiceRegistry: 	at android.app.servertransaction.TransactionExecutor.execute(TransactionExecutor.java:95)
07-27 11:14:57.320 12066 12066 E SystemServiceRegistry: 	at android.app.ActivityThread$H.handleMessage(ActivityThread.java:2307)
07-27 11:14:57.320 12066 12066 E SystemServiceRegistry: 	at android.os.Handler.dispatchMessage(Handler.java:106)
07-27 11:14:57.320 12066 12066 E SystemServiceRegistry: 	at android.os.Looper.loopOnce(Looper.java:201)
07-27 11:14:57.320 12066 12066 E SystemServiceRegistry: 	at android.os.Looper.loop(Looper.java:288)
07-27 11:14:57.320 12066 12066 E SystemServiceRegistry: 	at android.app.ActivityThread.main(ActivityThread.java:7872)
07-27 11:14:57.320 12066 12066 E SystemServiceRegistry: 	at java.lang.reflect.Method.invoke(Native Method)
07-27 11:14:57.320 12066 12066 E SystemServiceRegistry: 	at com.android.internal.os.RuntimeInit$MethodAndArgsCaller.run(RuntimeInit.java:548)
07-27 11:14:57.320 12066 12066 E SystemServiceRegistry: 	at com.android.internal.os.ZygoteInit.main(ZygoteInit.java:936)
07-27 11:14:57.324 12066 12066 D SettingsActivity: Executed frag manager pendingTransactions
07-27 11:14:57.356   764  2751 D ConnectivityService: requestNetwork for uid/pid:1000/12066 activeRequest: null callbackRequest: 327 [NetworkRequest [ REQUEST id=328, [ Capabilities: INTERNET&NOT_RESTRICTED&TRUSTED&NOT_VCN_MANAGED Uid: 1000 RequestorUid: 1000 RequestorPkg: com.android.settings UnderlyingNetworks: Null] ]] callback flags: 0 order: 2147483647
07-27 11:14:57.359   764  1075 D ConnectivityService: NetReassign [328 : null  101] [c 1] [a 0] [i 1]
07-27 11:14:57.359   764  1068 D WifiNetworkFactory: got request NetworkRequest [ REQUEST id=328, [ Capabilities: INTERNET&NOT_RESTRICTED&TRUSTED&NOT_VCN_MANAGED Uid: 1000 RequestorUid: 1000 RequestorPkg: com.android.settings UnderlyingNetworks: Null] ]
07-27 11:14:57.359   764  1068 D UntrustedWifiNetworkFactory: got request NetworkRequest [ REQUEST id=328, [ Capabilities: INTERNET&NOT_RESTRICTED&TRUSTED&NOT_VCN_MANAGED Uid: 1000 RequestorUid: 1000 RequestorPkg: com.android.settings UnderlyingNetworks: Null] ]
07-27 11:14:57.360   764  1068 D OemPaidWifiNetworkFactory: got request NetworkRequest [ REQUEST id=328, [ Capabilities: INTERNET&NOT_RESTRICTED&TRUSTED&NOT_VCN_MANAGED Uid: 1000 RequestorUid: 1000 RequestorPkg: com.android.settings UnderlyingNetworks: Null] ]
07-27 11:14:57.360   764  1068 D MultiInternetWifiNetworkFactory: got request NetworkRequest [ REQUEST id=328, [ Capabilities: INTERNET&NOT_RESTRICTED&TRUSTED&NOT_VCN_MANAGED Uid: 1000 RequestorUid: 1000 RequestorPkg: com.android.settings UnderlyingNetworks: Null] ]
07-27 11:14:57.369 12066 12066 I TetheringManager: registerTetheringEventCallback caller:com.android.settings
07-27 11:14:57.384   764  1075 D ConnectivityService: NetReassign [no changes] [c 0] [a 1] [i 0]
07-27 11:14:57.391   764  2511 D ConnectivityService: requestNetwork for uid/pid:1000/12066 activeRequest: null callbackRequest: 330 [NetworkRequest [ REQUEST id=331, [ Capabilities: INTERNET&NOT_RESTRICTED&TRUSTED&NOT_VCN_MANAGED Uid: 1000 RequestorUid: 1000 RequestorPkg: com.android.settings UnderlyingNetworks: Null] ]] callback flags: 0 order: 2147483647
07-27 11:14:57.392   764  1068 D WifiNetworkFactory: got request NetworkRequest [ REQUEST id=331, [ Capabilities: INTERNET&NOT_RESTRICTED&TRUSTED&NOT_VCN_MANAGED Uid: 1000 RequestorUid: 1000 RequestorPkg: com.android.settings UnderlyingNetworks: Null] ]
07-27 11:14:57.392   764  1068 D UntrustedWifiNetworkFactory: got request NetworkRequest [ REQUEST id=331, [ Capabilities: INTERNET&NOT_RESTRICTED&TRUSTED&NOT_VCN_MANAGED Uid: 1000 RequestorUid: 1000 RequestorPkg: com.android.settings UnderlyingNetworks: Null] ]
07-27 11:14:57.393   764  1068 D OemPaidWifiNetworkFactory: got request NetworkRequest [ REQUEST id=331, [ Capabilities: INTERNET&NOT_RESTRICTED&TRUSTED&NOT_VCN_MANAGED Uid: 1000 RequestorUid: 1000 RequestorPkg: com.android.settings UnderlyingNetworks: Null] ]
07-27 11:14:57.393   764  1068 D MultiInternetWifiNetworkFactory: got request NetworkRequest [ REQUEST id=331, [ Capabilities: INTERNET&NOT_RESTRICTED&TRUSTED&NOT_VCN_MANAGED Uid: 1000 RequestorUid: 1000 RequestorPkg: com.android.settings UnderlyingNetworks: Null] ]
07-27 11:14:57.394   764  1075 D ConnectivityService: NetReassign [331 : null  101] [c 0] [a 1] [i 2]
07-27 11:14:57.403  8221 14496 I ChimeraSrvcProxy: NullBinder for android.net.action.RECOMMEND_NETWORKS triggering remote TransactionTooLargeException due to Service without Chimera impl
07-27 11:14:57.403   764  1075 D ConnectivityService: NetReassign [no changes] [c 0] [a 1] [i 0]
07-27 11:14:57.404  8221 14496 W .gms.persistent: Large reply transaction of 1056768 bytes, interface descriptor , code 1
07-27 11:14:57.404   764  2751 D ConnectivityService: requestNetwork for uid/pid:1000/12066 activeRequest: null callbackRequest: 333 [NetworkRequest [ REQUEST id=334, [ Capabilities: INTERNET&NOT_RESTRICTED&TRUSTED&NOT_VCN_MANAGED Uid: 1000 RequestorUid: 1000 RequestorPkg: com.android.settings UnderlyingNetworks: Null] ]] callback flags: 1 order: 2147483647
07-27 11:14:57.407   764  1068 D WifiNetworkFactory: got request NetworkRequest [ REQUEST id=334, [ Capabilities: INTERNET&NOT_RESTRICTED&TRUSTED&NOT_VCN_MANAGED Uid: 1000 RequestorUid: 1000 RequestorPkg: com.android.settings UnderlyingNetworks: Null] ]
07-27 11:14:57.410 12066 12066 D MobileNetworkSummaryStatus: network summary query
07-27 11:14:57.412 12066 13008 I InternetUpdater: Detect an internet available network with transport type: 1
07-27 11:14:57.413 12066 12416 W MobileNetworkUtils: EuiccManager is not enabled.
07-27 11:14:57.425  8221 14496 I ChimeraSrvcProxy: NullBinder for android.net.action.RECOMMEND_NETWORKS triggering remote TransactionTooLargeException due to Service without Chimera impl
07-27 11:14:57.425  8221 14496 W .gms.persistent: Large reply transaction of 1056768 bytes, interface descriptor , code 1
07-27 11:14:57.427 12066 18749 D SettingsActivity: No enabled state changed, skipping updateCategory call
07-27 11:14:57.432 12066 12066 D SubscriptionGrouping: Grouping [SubscriptionAnnotation{subId=1,type=1,exist=true,active=true,displayAllow=true}]
07-27 11:14:57.432 12066 12066 D MobileNetworkSummaryStatus: network summary query ignored
07-27 11:14:57.437   764  1075 D ConnectivityService: NetReassign [334 : null  101] [c 0] [a 0] [i 31]
07-27 11:14:57.439   764  1068 D UntrustedWifiNetworkFactory: got request NetworkRequest [ REQUEST id=334, [ Capabilities: INTERNET&NOT_RESTRICTED&TRUSTED&NOT_VCN_MANAGED Uid: 1000 RequestorUid: 1000 RequestorPkg: com.android.settings UnderlyingNetworks: Null] ]
07-27 11:14:57.439   764  1068 D OemPaidWifiNetworkFactory: got request NetworkRequest [ REQUEST id=334, [ Capabilities: INTERNET&NOT_RESTRICTED&TRUSTED&NOT_VCN_MANAGED Uid: 1000 RequestorUid: 1000 RequestorPkg: com.android.settings UnderlyingNetworks: Null] ]
07-27 11:14:57.439   764  1068 D MultiInternetWifiNetworkFactory: got request NetworkRequest [ REQUEST id=334, [ Capabilities: INTERNET&NOT_RESTRICTED&TRUSTED&NOT_VCN_MANAGED Uid: 1000 RequestorUid: 1000 RequestorPkg: com.android.settings UnderlyingNetworks: Null] ]
07-27 11:14:57.482 12066 12066 D MobileNetworkSummaryStatus: network summary query
07-27 11:14:57.483 12066 12418 W MobileNetworkUtils: EuiccManager is not enabled.
07-27 11:14:57.498 12066 12066 D SubscriptionGrouping: Grouping [SubscriptionAnnotation{subId=1,type=1,exist=true,active=true,displayAllow=true}]
07-27 11:14:57.624 12066 12066 D CategoryMixin: Skip categories update
07-27 11:14:57.626 12066 12904 D EGL_emulation: app_time_stats: avg=69.05ms min=13.20ms max=244.85ms count=13
07-27 11:14:57.691 12066 12066 I Choreographer: Skipped 30 frames!  The application may be doing too much work on its main thread.
07-27 11:14:57.694 18697 18716 I TestRunner: finished: testInternetSettings(ru.netology.testing.uiautomator.ChangeTextTest)
